// Vitest Snapshot v1, https://vitest.dev/guide/snapshot.html

exports[`DropdownButton > matches snapshot 1`] = `
<button
  aria-expanded="false"
  aria-haspopup="listbox"
  class="w-full px-4 py-3 rounded-lg bg-[var(--surface-secondary)] border flex items-center justify-between text-sm transition-all focus:outline-hidden focus:ring-2 focus:ring-[#003EC7] focus:border-transparent border-[var(--border)]"
  type="button"
>
  <span
    class="text-[var(--foreground)]"
  >
    India
  </span>
  <svg
    aria-hidden="true"
    class="lucide lucide-chevron-down w-4 h-4 text-[var(--muted)] transition-transform duration-200"
    fill="none"
    height="24"
    stroke="currentColor"
    stroke-linecap="round"
    stroke-linejoin="round"
    stroke-width="2"
    viewBox="0 0 24 24"
    width="24"
    xmlns="http://www.w3.org/2000/svg"
  >
    <path
      d="m6 9 6 6 6-6"
    />
  </svg>
</button>
`;
